[REQ] GET /devtools/inspector.html
[REQ] GET /devtools/inspector.html?ws=127.0.0.1:8999/ws-proxy/0
[REQ] GET /devtools/entrypoints/inspector/inspector.js
[REQ] GET /devtools/entrypoints/devtools_app/devtools_app.js
[REQ] GET /devtools/core/common/common.js
[REQ] GET /devtools/ui/legacy/legacy.js
[REQ] GET /devtools/entrypoints/shell/shell.js
[REQ] GET /devtools/core/i18n/i18n.js
[REQ] GET /devtools/core/root/root.js
[REQ] GET /devtools/panels/network/forward/forward.js
[REQ] GET /devtools/models/workspace/workspace.js
[REQ] GET /devtools/core/sdk/sdk.js
[REQ] GET /devtools/ui/components/legacy_wrapper/legacy_wrapper.js
[REQ] GET /devtools/panels/application/preloading/helper/helper.js
[REQ] GET /devtools/models/issues_manager/issues_manager.js
[REQ] GET /devtools/entrypoints/main/main.js
[REQ] GET /devtools/core/platform/platform.js
[REQ] GET /devtools/core/host/host.js
[REQ] GET /devtools/ui/visual_logging/visual_logging.js
[REQ] GET /devtools/models/text_utils/text_utils.js
[REQ] GET /devtools/ui/components/icon_button/icon_button.js
[REQ] GET /devtools/ui/components/adorners/adorners.js
[REQ] GET /devtools/ui/components/settings/settings.js
[REQ] GET /devtools/ui/legacy/utils/utils.js
[REQ] GET /devtools/core/dom_extension/dom_extension.js
[REQ] GET /devtools/ui/components/helpers/helpers.js
[REQ] GET /devtools/ui/legacy/theme_support/theme_support.js
[REQ] GET /devtools/ui/lit-html/lit-html.js
[REQ] GET /devtools/third_party/i18n/i18n.js
[REQ] GET /devtools/Images/Images.js
[REQ] GET /devtools/models/breakpoints/breakpoints.js
[REQ] GET /devtools/ui/legacy/components/object_ui/object_ui.js
[REQ] GET /devtools/ui/legacy/components/quick_open/quick_open.js
[REQ] GET /devtools/ui/legacy/components/utils/utils.js
[REQ] GET /devtools/core/protocol_client/protocol_client.js
[REQ] GET /devtools/models/autofill_manager/autofill_manager.js
[REQ] GET /devtools/models/bindings/bindings.js
[REQ] GET /devtools/models/extensions/extensions.js
[REQ] GET /devtools/models/logs/logs.js
[REQ] GET /devtools/models/persistence/persistence.js
[REQ] GET /devtools/panels/snippets/snippets.js
[REQ] GET /devtools/panels/timeline/timeline.js
[REQ] GET /devtools/ui/legacy/components/perf_ui/perf_ui.js
[REQ] GET /devtools/third_party/marked/marked.js
[REQ] GET /devtools/ui/components/render_coordinator/render_coordinator.js
[REQ] GET /devtools/models/cpu_profile/cpu_profile.js
[REQ] GET /devtools/third_party/codemirror.next/codemirror.next.js
[REQ] GET /devtools/ui/components/input/input.js
[REQ] GET /devtools/third_party/intl-messageformat/intl-messageformat.js
[REQ] GET /devtools/third_party/lit/lit.js
[REQ] GET /devtools/models/formatter/formatter.js
[REQ] GET /devtools/models/source_map_scopes/source_map_scopes.js
[REQ] GET /devtools/third_party/diff/diff.js
[REQ] GET /devtools/ui/components/text_prompt/text_prompt.js
[REQ] GET /devtools/models/javascript_metadata/javascript_metadata.js
[REQ] GET /devtools/ui/components/text_editor/text_editor.js
[REQ] GET /devtools/models/har/har.js
[REQ] GET /devtools/models/trace/trace.js
[REQ] GET /devtools/panels/timeline/components/components.js
[REQ] GET /devtools/models/timeline_model/timeline_model.js
[REQ] GET /devtools/services/trace_bounds/trace_bounds.js
[REQ] GET /devtools/ui/legacy/components/data_grid/data_grid.js
[REQ] GET /devtools/ui/components/panel_feedback/panel_feedback.js
[REQ] GET /devtools/panels/mobile_throttling/mobile_throttling.js
[REQ] GET /devtools/panels/layer_viewer/layer_viewer.js
[REQ] GET /devtools/ui/legacy/components/source_frame/source_frame.js
[REQ] GET /devtools/third_party/codemirror.next/chunk/codemirror.js
[REQ] GET /devtools/services/window_bounds/window_bounds.js
[REQ] GET /devtools/ui/components/code_highlighter/code_highlighter.js
[REQ] GET /devtools/models/trace/helpers/helpers.js
[REQ] GET /devtools/models/trace/types/types.js
[REQ] GET /devtools/models/trace/extras/extras.js
[REQ] GET /devtools/models/trace/handlers/handlers.js
[REQ] GET /devtools/models/trace/root-causes/root-causes.js
[REQ] GET /devtools/ui/components/buttons/buttons.js
[REQ] GET /devtools/core/i18n/locales/en-US.json
[REQ] GET /devtools/panels/screencast/screencast.js
[REQ] GET /devtools/panels/network/network.js
[REQ] GET /devtools/Images/info.svg
[REQ] GET /devtools/entrypoints/inspector_main/inspector_main.js
[REQ] GET /devtools/panels/console_counters/console_counters.js
[REQ] GET /devtools/panels/settings/emulation/components/components.js
[REQ] GET /devtools/panels/utils/utils.js
[REQ] GET /devtools/panels/network/components/components.js
[REQ] GET /devtools/ui/legacy/components/cookie_table/cookie_table.js
[REQ] GET /devtools/ui/components/data_grid/data_grid.js
[REQ] GET /devtools/panels/sources/sources.js
[REQ] GET /devtools/panels/search/search.js
[REQ] GET /devtools/ui/components/issue_counter/issue_counter.js
[REQ] GET /devtools/ui/components/diff_view/diff_view.js
[REQ] GET /devtools/panels/settings/emulation/utils/utils.js
[REQ] GET /devtools/third_party/chromium/client-variations/client-variations.js
[REQ] GET /devtools/ui/components/report_view/report_view.js
[REQ] GET /devtools/panels/coverage/coverage.js
[REQ] GET /devtools/ui/legacy/components/color_picker/color_picker.js
[REQ] GET /devtools/ui/legacy/components/inline_editor/inline_editor.js
[REQ] GET /devtools/panels/sources/components/components.js
[REQ] GET /devtools/ui/components/srgb_overlay/srgb_overlay.js
[REQ] GET /devtools/panels/css_overview/css_overview.js
[REQ] GET /devtools/panels/css_overview/components/components.js
[REQ] GET /devtools/ui/components/panel_introduction_steps/panel_introduction_steps.js
[REQ] GET /devtools/Images/info.svg
